INFO:busco.run_BUSCO	***** Start a BUSCO v4.0.2 analysis, current time: 09/24/2024 14:36:01 *****
DEBUG:busco.ConfigManager	Getting config file
INFO:busco.ConfigManager	Configuring BUSCO with /kmk/scripts/busco/config.ini
INFO:busco.BuscoConfig	Mode is genome
INFO:busco.BuscoConfig	Input file is out_JBAT.FINAL.fa
DEBUG:busco.BuscoConfig	State of BUSCO config before run:
DEBUG:busco.BuscoConfig	{'_allow_no_value': False,
 '_comment_prefixes': ('#', ';'),
 '_converters': <configparser.ConverterMapping object at 0x155553928a90>,
 '_defaults': OrderedDict(),
 '_delimiters': ('=', ':'),
 '_dict': <class 'collections.OrderedDict'>,
 '_empty_lines_in_values': True,
 '_inline_comment_prefixes': (),
 '_input_filepath': 'out_JBAT.FINAL.fa',
 '_interpolation': <configparser.BasicInterpolation object at 0x155552f43eb8>,
 '_mode': 'genome',
 '_optcre': re.compile('\n        (?P<option>.*?)                    # very permissive!\n        \\s*(?P<vi>=|:)\\s*              # any number of space/tab,\n                                           # followed by any of t, re.VERBOSE),
 '_proxies': OrderedDict([('DEFAULT', <Section: DEFAULT>),
                          ('busco_run', <Section: busco_run>),
                          ('tblastn', <Section: tblastn>),
                          ('makeblastdb', <Section: makeblastdb>),
                          ('augustus', <Section: augustus>),
                          ('etraining', <Section: etraining>),
                          ('gff2gbSmallDNA.pl', <Section: gff2gbSmallDNA.pl>),
                          ('new_species.pl', <Section: new_species.pl>),
                          ('optimize_augustus.pl',
                           <Section: optimize_augustus.pl>),
                          ('hmmsearch', <Section: hmmsearch>),
                          ('sepp', <Section: sepp>),
                          ('prodigal', <Section: prodigal>)]),
 '_sections': OrderedDict([('busco_run',
                            OrderedDict([('out_path', 'busco_out/'),
                                         ('in', 'out_JBAT.FINAL.fa'),
                                         ('cpu', '16'),
                                         ('out', 'BUSCO_metazoa.fasta'),
                                         ('mode', 'genome'),
                                         ('lineage_dataset',
                                          '/kmk/databases/metazoa_odb10'),
                                         ('long', 'True'),
                                         ('offline', 'True'),
                                         ('force', 'False'),
                                         ('evalue', '0.001'),
                                         ('limit', '3'),
                                         ('quiet', 'False'),
                                         ('download_path',
                                          '/grps2/kmk/Nick/2024-07-02-HiC_Discradisca/Discradisca/scaffolding_all_haps/final_assembly/busco_downloads'),
                                         ('datasets_version', 'odb10'),
                                         ('download_base_url',
                                          'https://busco-data.ezlab.org/v4/data/'),
                                         ('auto-lineage', 'False'),
                                         ('auto-lineage-prok', 'False'),
                                         ('auto-lineage-euk', 'False'),
                                         ('update-data', 'False'),
                                         ('main_out',
                                          'busco_out/BUSCO_metazoa.fasta')])),
                           ('tblastn',
                            OrderedDict([('path',
                                          '/kmk/scripts/ncbi-blast-2.3.0+/bin/'),
                                         ('command', 'tblastn')])),
                           ('makeblastdb',
                            OrderedDict([('path',
                                          '/kmk/scripts/ncbi-blast-2.3.0+/bin/'),
                                         ('command', 'makeblastdb')])),
                           ('augustus',
                            OrderedDict([('path',
                                          '/kmk/scripts/augustus.2.5.5/bin/'),
                                         ('command', 'augustus')])),
                           ('etraining',
                            OrderedDict([('path',
                                          '/kmk/scripts/augustus.2.5.5/bin/'),
                                         ('command', 'etraining')])),
                           ('gff2gbSmallDNA.pl',
                            OrderedDict([('path',
                                          '/kmk/scripts/augustus.2.5.5/scripts/'),
                                         ('command', 'gff2gbSmallDNA.pl')])),
                           ('new_species.pl',
                            OrderedDict([('path',
                                          '/kmk/scripts/augustus.2.5.5/scripts/'),
                                         ('command', 'new_species.pl')])),
                           ('optimize_augustus.pl',
                            OrderedDict([('path',
                                          '/kmk/scripts/augustus.2.5.5/scripts/'),
                                         ('command', 'optimize_augustus.pl')])),
                           ('hmmsearch',
                            OrderedDict([('path',
                                          '/share/apps/python_shared/3.6.5/etc/sepp/bundled-v4.3.10/'),
                                         ('command', 'hmmsearch')])),
                           ('sepp',
                            OrderedDict([('path',
                                          '/share/apps/python_shared/3.6.5/bin/'),
                                         ('command', 'run_sepp.py')])),
                           ('prodigal',
                            OrderedDict([('path',
                                          '/share/apps/bioinfoGCC/bin/'),
                                         ('command', 'prodigal')]))]),
 '_strict': True,
 'clargs': ['/share/apps/busco/bin/busco',
            '-c',
            '16',
            '-m',
            'genome',
            '--long',
            '--offline',
            '-l',
            '/kmk/databases/metazoa_odb10',
            '-i',
            'out_JBAT.FINAL.fa',
            '-o',
            'BUSCO_metazoa.fasta'],
 'conf_file': '/kmk/scripts/busco/config.ini',
 'default_section': 'DEFAULT',
 'downloader': <busco.BuscoDownloadManager.BuscoDownloadManager object at 0x15552a867ef0>,
 'main_out': 'busco_out/BUSCO_metazoa.fasta',
 'persistent_tools': []}
INFO:busco.BuscoDownloadManager	Using local lineages directory /kmk/databases/metazoa_odb10
DEBUG:busco.BuscoAnalysis	Check all required tools are accessible...
DEBUG:busco.BuscoAnalysis	Checking dataset for HMM profiles
INFO:busco.BuscoAnalysis	Running BUSCO using lineage dataset metazoa_odb10 (eukaryota, 2019-11-20)
INFO:busco.BuscoTools	Creating BLAST database with input file
INFO:busco.Toolset	Running 1 job(s) on makeblastdb
DEBUG:busco.Toolset	cmd call: /kmk/scripts/ncbi-blast-2.3.0+/bin/makeblastdb -in out_JBAT.FINAL.fa -dbtype nucl -out busco_out/BUSCO_metazoa.fasta/blast_db/out_JBAT.FINAL.fa
INFO:busco.Toolset	[makeblastdb]	1 of 1 task(s) completed
INFO:busco.Analysis	Running a BLAST search for BUSCOs against created database
INFO:busco.Toolset	Running 1 job(s) on tblastn
DEBUG:busco.Toolset	cmd call: /kmk/scripts/ncbi-blast-2.3.0+/bin/tblastn -evalue 0.001 -num_threads 16 -query /kmk/databases/metazoa_odb10/ancestral -db busco_out/BUSCO_metazoa.fasta/blast_db/out_JBAT.FINAL.fa -out busco_out/BUSCO_metazoa.fasta/run_metazoa_odb10/blast_output/tblastn.tsv -outfmt 7
