Warning: did not set args.traingenes because none of the expected training gene structure files exists in /home/wirenia/projects/Discradisca/2024-10-09_BRAKER3/braker/
Warning: did not set args.aug_ab_initio because the file augustus.ab_initio.gtf does not exist in /home/wirenia/projects/Discradisca/2024-10-09_BRAKER3/braker/
Warning: did not set args.aug_ab_initio_utr because the file augustus.ab_initio_utr.gtf does not exist in /home/wirenia/projects/Discradisca/2024-10-09_BRAKER3/braker/
Warning: did not set args.aug_hints_utr because the file augustus.hints_utr.gtf does not exist in /home/wirenia/projects/Discradisca/2024-10-09_BRAKER3/braker/
Was unable to locate bedToBigBed on your system, will try to download it from http://hgdownload.soe.ucsc.edu/admin/exe/linux.x86_64/bedToBigBed...
Was unable to locate genePredCheck on your system, will try to download it from http://hgdownload.soe.ucsc.edu/admin/exe/linux.x86_64/genePredCheck...
Was unable to locate faToTwoBit on your system, will try to download it from http://hgdownload.soe.ucsc.edu/admin/exe/linux.x86_64/faToTwoBit...
Was unable to locate gtfToGenePred on your system, will try to download it from http://hgdownload.soe.ucsc.edu/admin/exe/linux.x86_64/gtfToGenePred...
Was unable to locate hgGcPercent on your system, will try to download it from http://hgdownload.soe.ucsc.edu/admin/exe/linux.x86_64/hgGcPercent...
Was unable to locate ixIxx on your system, will try to download it from http://hgdownload.soe.ucsc.edu/admin/exe/linux.x86_64/ixIxx...
Was unable to locate twoBitInfo on your system, will try to download it from http://hgdownload.soe.ucsc.edu/admin/exe/linux.x86_64/twoBitInfo...
Was unable to locate wigToBigWig on your system, will try to download it from http://hgdownload.soe.ucsc.edu/admin/exe/linux.x86_64/wigToBigWig...
Was unable to locate genePredToBed on your system, will try to download it from http://hgdownload.soe.ucsc.edu/admin/exe/linux.x86_64/genePredToBed...
Was unable to locate genePredToBigGenePred on your system, will try to download it from http://hgdownload.soe.ucsc.edu/admin/exe/linux.x86_64/genePredToBigGenePred...
Generating genome 2bit file ./hub_2024-10-14_11.30_Discradisca_antillarum_collapsed_phased.fa/hub_2024-10-14_11.30_Discradisca_antillarum_collapsed_phased.fa/hub_2024-10-14_11.30_Discradisca_antillarum_collapsed_phased.fa.2bit...
Generating chromsome size info file ./hub_2024-10-14_11.30_Discradisca_antillarum_collapsed_phased.fa/hub_2024-10-14_11.30_Discradisca_antillarum_collapsed_phased.fa/hub_2024-10-14_11.30_Discradisca_antillarum_collapsed_phased.fa.chrom.sizes...
Generating variable step wiggle file for GC content ./tmp-hub_2024-10-14_11.30_Discradisca_antillarum_collapsed_phased.fa/hub_2024-10-14_11.30_Discradisca_antillarum_collapsed_phased.fa.gc5Base.wigVarStep.gz...
Generating bigWig file for GC content ./hub_2024-10-14_11.30_Discradisca_antillarum_collapsed_phased.fa/hub_2024-10-14_11.30_Discradisca_antillarum_collapsed_phased.fa/hub_2024-10-14_11.30_Discradisca_antillarum_collapsed_phased.fa.gc5Base.bw...
Generating cytoband track...
Generating bigBed file for ./tmp-hub_2024-10-14_11.30_Discradisca_antillarum_collapsed_phased.fa/hub_2024-10-14_11.30_Discradisca_antillarum_collapsed_phased.fa.cytoband.bed...
Generating softmasking information bed3 file ./tmp-hub_2024-10-14_11.30_Discradisca_antillarum_collapsed_phased.fa/hub_2024-10-14_11.30_Discradisca_antillarum_collapsed_phased.fa.RMsoft.bed3 from genome data (this may take a while)...
Sorting file ./tmp-hub_2024-10-14_11.30_Discradisca_antillarum_collapsed_phased.fa/hub_2024-10-14_11.30_Discradisca_antillarum_collapsed_phased.fa.RMsoft.bed3...
Generating bigBed file for ./tmp-hub_2024-10-14_11.30_Discradisca_antillarum_collapsed_phased.fa/hub_2024-10-14_11.30_Discradisca_antillarum_collapsed_phased.fa.RMsoft.s.bed3...
Generating GeneMark prediction track...
Generating bigBed file for ./tmp-hub_2024-10-14_11.30_Discradisca_antillarum_collapsed_phased.fa/Genemark.bed...
Generating AUGUSTUS prediction with hints (no UTRs) track...
Generating bigBed file for ./tmp-hub_2024-10-14_11.30_Discradisca_antillarum_collapsed_phased.fa/AUG_hints_no_utr.bed...
Generating BRAKER genes track...
Generating bigBed file for ./tmp-hub_2024-10-14_11.30_Discradisca_antillarum_collapsed_phased.fa/BRAKER.bed...
Separating hints into separate tracks...
Generating bigBed file for ./tmp-hub_2024-10-14_11.30_Discradisca_antillarum_collapsed_phased.fa/ProtHint_stop.hints_1.sorted...
Generating bigBed file for ./tmp-hub_2024-10-14_11.30_Discradisca_antillarum_collapsed_phased.fa/ProtHint_intron.hints_1.sorted...
Generating bigBed file for ./tmp-hub_2024-10-14_11.30_Discradisca_antillarum_collapsed_phased.fa/ProtHint_start.hints_1.sorted...
Generating bigBed file for ./tmp-hub_2024-10-14_11.30_Discradisca_antillarum_collapsed_phased.fa/ProtHint_CDSpart.hints_1.bed...
Generating bigBed file for ./tmp-hub_2024-10-14_11.30_Discradisca_antillarum_collapsed_phased.fa/b2h_intron.hints_1.sorted...

Hub is ready, please copy to a web server, e.g.
"scp -r ./hub_2024-10-14_11.30_Discradisca_antillarum_collapsed_phased.fa user@server:/target/location"
Feed the link to hub.txt to UCSC genome browser:
	My Data -> Track Hubs -> MyHubs
